// Jest Snapshot v1, https://goo.gl/fbAQLP

exports[`InputArea renders correctly 1`] = `
<div
  className="input__container"
>
  <textarea
    className="input"
    onChange={[Function]}
    onKeyDown={[Function]}
    placeholder="Type here to send a message..."
    rows="2"
    value=""
  />
</div>
`;
